// Jest Snapshot v1, https://goo.gl/fbAQLP

exports[`npm-prolgue should be able to run with normally 1`] = `
"                                                     _                            
  _ __   _ __   _ __ ___          _ __   _ __  ___  | |  ___    __ _  _   _   ___ 
 | '_ \\\\ | '_ \\\\ | '_ \` _ \\\\  _____ | '_ \\\\ | '__|/ _ \\\\ | | / _ \\\\  / _\` || | | | / _ \\\\
 | | | || |_) || | | | | ||_____|| |_) || |  | (_) || || (_) || (_| || |_| ||  __/
 |_| |_|| .__/ |_| |_| |_|       | .__/ |_|   \\\\___/ |_| \\\\___/  \\\\__, | \\\\__,_| \\\\___|
        |_|                      |_|                           |___/              
"
`;
